// Jest Snapshot v1, https://goo.gl/fbAQLP

exports[`MotionIndicatorVisibilityToggle should render correctly 1`] = `
<div>
  <div
    data-mocked="Box"
    font-weight="bold"
    margin="{\\"bottom\\":\\"xxs\\"}"
    variant="p"
  >
    Motion indicator
  </div>
  <div
    data-mocked="Toggle"
  >
    Visibility
  </div>
</div>
`;
