// Jest Snapshot v1, https://goo.gl/fbAQLP

exports[`serializationHelpers deserializeComponent should create a sub model 1`] = `
{
  "parentRef": "parentRef",
  "ref": "test-uuid",
  "selector": "Mixer1",
  "type": "SubModelRef",
}
`;
