// Jest Snapshot v1, https://goo.gl/fbAQLP

exports[`<LeftPanel /> should render the expencted layout 1`] = `
.c0 {
  width: 400px;
  height: 100%;
  overflow-y: auto;
}

<div
  data-testid="FoldableContainer"
  direction="Left"
>
  <div
    className="c0"
  >
    <div
      data-testid="TabbedPanelContainer"
      panels={
        Object {
          "TestPanel": <div>
            TestPanel
          </div>,
        }
      }
    />
  </div>
</div>
`;
