// Jest Snapshot v1, https://goo.gl/fbAQLP

exports[`<SceneRuleTargetOpacityEditor> render expected field 1`] = `
<div>
  <grid
    griddefinition="[object Object],[object Object]"
  >
    <input
      data-testid="tm-opacity-field"
      step="0.01"
      type="number"
      value="1"
    />
  </grid>
</div>
`;
