// Jest Snapshot v1, https://goo.gl/fbAQLP

exports[`Slider should render correctly 1`] = `
<div>
  <div
    style="display: inline-block;"
  >
    <input
      data-testid="slider"
      max="100"
      min="10"
      step="0.5"
      style="width: 186px; height: 32px; margin-left: 12px; margin-right: 12px; display: flex;"
      type="range"
      value="4"
    />
  </div>
</div>
`;
