// Jest Snapshot v1, https://goo.gl/fbAQLP

exports[`useSelectedObject should return the object from the store 1`] = `
{
  "activeCameraName": undefined,
  "activeCameraSettings": {
    "cameraType": "Perspective",
    "far": 1000,
    "fov": 53.13,
    "near": 0.1,
    "transform": {
      "position": [
        5,
        5,
        5,
      ],
    },
    "zoom": 1,
  },
  "mainCameraObject": undefined,
  "setActiveCameraName": undefined,
  "setActiveCameraSettings": [Function],
}
`;
