// Jest Snapshot v1, https://goo.gl/fbAQLP

exports[`<ModelExplorerPanel /> should render as expected 1`] = `
<div>
  <div
    data-mocked="Layout"
  >
    <div
      data-mocked="ModelExplorerTreeView"
    />
  </div>
</div>
`;
