// Jest Snapshot v1, https://goo.gl/fbAQLP

exports[`<SceneHierarchyPanelLayout /> should render appropriate structure 1`] = `
<div>
  <div
    class="tm-hierarchy-panel"
  >
    <div
      class="tm-toolbar"
    >
      Search Box
      <div
        class="tm-action-bar"
      >
        Tools
      </div>
    </div>
    <div
      class="tm-main"
    >
      Main
    </div>
  </div>
</div>
`;
