// Jest Snapshot v1, https://goo.gl/fbAQLP

exports[`<Typeahead /> should match snapshot 1`] = `
<div>
  <div
    data-mocked="Autosuggest"
    value=""
  />
</div>
`;
